[bench] previous gaiad.log preserved at /root/statesync-test/bench/runs/gaiad.log.001
[bench] --fresh: wiping data/ + clearing CSV history
[bench] run #1
[bench] fetching trust hash from https://rpc.lavenderfive.com:443/cosmoshub ...
[bench] trust_height=30954962 trust_hash=20BDCAE8893EFFC62E22B560863FB52D6CFEB4F32D3C4EC67664646DB38D4C46
[bench] using cached addrbook (47m59s old): /root/statesync-test/bench/cache/addrbook.json
[bench] loaded 25 peers from /root/peers-cumulative.json (limit 25)
[bench] watcher initial stage=0

[bench] launching gaiad — log=/root/statesync-test/bench/gaiad.log
[bench] gaiad pid=82635
[07:30:08 +0s] polling http://127.0.0.1:26657/status every 15s until caught up
[07:30:16 +8s] snapshot discovered height=22577000
[07:30:16 +8s] snapshot discovered height=24976000
[07:30:16 +8s] snapshot discovered height=22566000
[07:30:16 +8s] snapshot discovered height=22553000
[07:30:16 +8s] snapshot discovered height=22541000
[07:30:16 +8s] snapshot discovered height=24256000
[07:30:16 +8s] snapshot discovered height=30934000
[07:30:16 +8s] snapshot discovered height=30951000
[07:30:16 +8s] snapshot discovered height=24945000
[07:30:16 +8s] snapshot discovered height=22530000
[07:30:16 +8s] snapshot discovered height=22518000
[07:30:16 +8s] snapshot discovered height=22495000
[07:30:16 +8s] snapshot discovered height=22478000
[07:30:16 +8s] snapshot discovered height=22467000
[07:30:16 +8s] snapshot discovered height=22456000
[07:30:16 +8s] snapshot discovered height=30954000
[07:30:16 +8s] snapshot discovered height=30955000
[07:30:16 +8s] snapshot discovered height=23336000
[07:30:16 +8s] snapshot discovered height=24928000
[07:30:16 +8s] snapshot discovered height=20213000
[07:30:16 +8s] snapshot discovered height=22111000
[07:30:16 +8s] snapshot discovered height=30952000
[07:30:16 +8s] snapshot discovered height=30950000
[07:30:16 +8s] snapshot discovered height=30948000
[07:30:16 +8s] snapshot discovered height=24907000
[07:30:16 +8s] snapshot discovered height=30933000
[07:30:16 +8s] snapshot discovered height=30932000
[07:30:16 +8s] snapshot discovered height=30949000
[07:30:16 +8s] snapshot discovered height=30947000
[07:30:16 +8s] snapshot discovered height=24868000
[07:30:16 +8s] snapshot discovered height=24836000
[07:30:16 +8s] snapshot discovered height=30946000
[07:30:16 +8s] snapshot discovered height=24827000
[07:30:16 +8s] snapshot discovered height=24819000
[07:30:17 +9s] snapshot discovered height=24811000
[07:30:17 +9s] snapshot discovered height=30931000
[07:30:17 +9s] snapshot discovered height=30930000
[07:30:17 +9s] snapshot discovered height=30929000
[07:30:17 +9s] snapshot discovered height=30928000
[07:30:17 +9s] snapshot discovered height=30927000
[07:30:17 +9s] snapshot discovered height=24803000
[07:30:17 +9s] snapshot discovered height=30945000
[07:30:17 +9s] snapshot discovered height=30943000
[07:30:17 +9s] snapshot discovered height=30941000
[07:30:17 +9s] snapshot discovered height=30939000
[07:30:17 +9s] snapshot discovered height=30937000
[07:30:17 +9s] snapshot discovered height=30935000
[07:30:17 +9s] snapshot discovered height=24784000
[07:30:17 +9s] snapshot discovered height=29848000
[07:30:17 +9s] snapshot discovered height=30926000
[07:30:17 +9s] snapshot discovered height=22072000
[07:30:17 +9s] snapshot discovered height=30925000
[07:30:17 +9s] snapshot discovered height=29846000
[07:30:17 +9s] snapshot discovered height=29844000
[07:30:17 +9s] snapshot discovered height=22061000
[07:30:17 +9s] snapshot discovered height=22050000
[07:30:17 +9s] snapshot discovered height=22032000
[07:30:17 +9s] snapshot discovered height=29842000
[07:30:17 +9s] snapshot discovered height=29840000
[07:30:17 +9s] snapshot discovered height=29838000
[07:30:17 +9s] snapshot discovered height=29834000
[07:30:17 +9s] snapshot discovered height=29832000
[07:30:17 +9s] snapshot discovered height=29830000
[07:30:17 +9s] snapshot discovered height=29828000
[07:30:17 +9s] snapshot discovered height=22021000
[07:30:17 +9s] snapshot discovered height=22010000
[07:30:17 +9s] snapshot discovered height=21987000
[07:30:17 +9s] snapshot discovered height=21967000
[07:30:17 +9s] snapshot discovered height=21955000
[07:30:17 +9s] snapshot discovered height=21942000
[07:30:35 +27s] >>> PHASE: State sync located height=30955000
[07:30:35 +27s] fetching chunk 0/296
[07:30:37 +29s] queued chunk 0/296 (handed to restorer goroutine)
[07:30:38 +30s] restored chunk 0/296 (drained from chunk channel)
[07:31:08 +1m00s] peers: 26 connected (height=0)
[07:31:18 +1m10s] fetching chunk 25/296
[07:31:26 +1m18s] queued chunk 25/296 (handed to restorer goroutine)
[07:31:26 +1m18s] restored chunk 25/296 (drained from chunk channel)
[07:32:07 +1m59s] fetching chunk 50/296
[07:32:08 +2m00s] peers: 26 connected (height=0)
[07:32:15 +2m07s] queued chunk 50/296 (handed to restorer goroutine)
[07:32:56 +2m48s] fetching chunk 75/296
[07:33:03 +2m55s] queued chunk 75/296 (handed to restorer goroutine)
[07:33:08 +3m00s] peers: 26 connected (height=0)
[07:33:45 +3m36s] fetching chunk 100/296
[07:33:52 +3m44s] queued chunk 100/296 (handed to restorer goroutine)
[07:34:08 +4m00s] peers: 26 connected (height=0)
[07:34:33 +4m25s] fetching chunk 125/296
[07:34:41 +4m33s] queued chunk 125/296 (handed to restorer goroutine)
[07:35:08 +5m00s] peers: 26 connected (height=0)
[07:35:22 +5m14s] fetching chunk 150/296
[07:35:30 +5m22s] queued chunk 150/296 (handed to restorer goroutine)
[07:36:08 +6m00s] peers: 26 connected (height=0)
[07:36:11 +6m02s] fetching chunk 175/296
[07:36:18 +6m10s] queued chunk 175/296 (handed to restorer goroutine)
[07:36:59 +6m51s] fetching chunk 200/296
[07:37:07 +6m59s] queued chunk 200/296 (handed to restorer goroutine)
[07:37:08 +7m00s] peers: 26 connected (height=0)
[07:37:48 +7m40s] fetching chunk 225/296
[07:37:54 +7m46s] restored chunk 50/296 (drained from chunk channel)
[07:37:56 +7m48s] queued chunk 225/296 (handed to restorer goroutine)
[07:38:08 +8m00s] peers: 26 connected (height=0)
[07:38:37 +8m29s] fetching chunk 250/296
[07:38:44 +8m36s] queued chunk 250/296 (handed to restorer goroutine)
[07:39:08 +9m00s] peers: 26 connected (height=0)
[07:39:25 +9m17s] fetching chunk 275/296
[07:39:33 +9m25s] queued chunk 275/296 (handed to restorer goroutine)
[07:40:04 +9m56s] fetching chunk 295/296
[07:40:08 +10m00s] peers: 26 → 25 connected
[07:40:08 +10m00s] queued chunk 293/296 (handed to restorer goroutine)
[07:40:10 +10m02s] queued chunk 294/296 (handed to restorer goroutine)
[07:40:23 +10m15s] peers: 25 → 26 connected
[07:41:08 +11m00s] peers: 26 connected (height=0)
[07:42:08 +12m00s] peers: 26 connected (height=0)
[07:42:52 +12m44s] restored chunk 75/296 (drained from chunk channel)
[07:43:08 +13m00s] peers: 26 connected (height=0)
[07:44:08 +14m00s] peers: 26 connected (height=0)
[07:45:08 +15m00s] peers: 26 connected (height=0)
[07:46:08 +16m00s] peers: 26 connected (height=0)
[07:47:08 +17m00s] peers: 26 connected (height=0)
[07:47:52 +17m44s] restored chunk 100/296 (drained from chunk channel)
[07:48:08 +18m00s] peers: 26 connected (height=0)
[07:49:08 +19m00s] peers: 26 connected (height=0)
[07:50:08 +20m00s] peers: 26 → 25 connected
[07:50:23 +20m15s] peers: 25 → 26 connected
[07:51:08 +21m00s] peers: 26 connected (height=0)
[07:52:08 +22m00s] peers: 26 connected (height=0)
[07:53:08 +23m00s] peers: 26 connected (height=0)
[07:54:08 +24m00s] peers: 26 connected (height=0)
[07:55:08 +25m00s] peers: 26 connected (height=0)
[07:56:08 +26m00s] peers: 26 connected (height=0)
[07:57:08 +27m00s] peers: 26 connected (height=0)
[07:58:08 +28m00s] peers: 26 connected (height=0)
[07:59:08 +29m00s] peers: 26 connected (height=0)
[08:00:08 +30m00s] peers: 26 → 25 connected
[08:00:23 +30m15s] peers: 25 → 26 connected
[08:01:08 +31m00s] peers: 26 connected (height=0)
[08:02:08 +32m00s] peers: 26 connected (height=0)
[08:03:08 +33m00s] peers: 26 connected (height=0)
[08:04:08 +34m00s] peers: 26 connected (height=0)
[08:05:08 +35m00s] peers: 26 connected (height=0)
[08:06:08 +36m00s] peers: 26 connected (height=0)
[08:07:08 +37m00s] peers: 26 connected (height=0)
[08:08:08 +38m00s] peers: 26 connected (height=0)
[08:09:08 +39m00s] peers: 26 connected (height=0)
[08:09:54 +39m46s] restored chunk 125/296 (drained from chunk channel)
[08:10:08 +40m00s] peers: 26 → 25 connected
[08:10:23 +40m15s] peers: 25 → 26 connected
[08:11:08 +41m00s] peers: 26 connected (height=0)
[08:12:08 +42m00s] peers: 26 connected (height=0)
[08:13:08 +43m00s] peers: 26 connected (height=0)
[08:14:08 +44m00s] peers: 26 connected (height=0)
[08:15:08 +45m00s] peers: 26 connected (height=0)
[08:16:08 +46m00s] peers: 26 connected (height=0)
[08:16:33 +46m25s] restored chunk 150/296 (drained from chunk channel)
[08:17:08 +47m00s] peers: 26 connected (height=0)
[08:18:08 +48m00s] peers: 26 connected (height=0)
[08:19:08 +49m00s] peers: 26 connected (height=0)
[08:20:08 +50m00s] peers: 26 → 25 connected
[08:20:23 +50m15s] peers: 25 → 26 connected
[08:21:08 +51m00s] peers: 26 connected (height=0)
[08:22:08 +52m00s] peers: 26 connected (height=0)
[08:23:08 +53m00s] peers: 26 connected (height=0)
[08:24:08 +54m00s] peers: 26 connected (height=0)
[08:25:08 +55m00s] peers: 26 connected (height=0)
[08:26:08 +56m00s] peers: 26 connected (height=0)
[08:27:08 +57m00s] peers: 26 connected (height=0)
[08:28:08 +58m00s] peers: 26 connected (height=0)
[08:28:50 +58m42s] restored chunk 175/296 (drained from chunk channel)
[08:28:57 +58m49s] restored chunk 200/296 (drained from chunk channel)
[08:29:08 +59m00s] peers: 26 → 25 connected
[08:29:23 +59m15s] peers: 25 → 26 connected
[08:30:08 +1h00m00s] peers: 26 → 25 connected
[08:30:23 +1h00m15s] peers: 25 → 26 connected
[08:30:41 +1h00m33s] restored chunk 225/296 (drained from chunk channel)
[08:30:51 +1h00m43s] restored chunk 250/296 (drained from chunk channel)
[08:31:08 +1h01m00s] peers: 26 connected (height=0)
[08:31:12 +1h01m04s] restored chunk 275/296 (drained from chunk channel)
[08:32:08 +1h02m00s] peers: 26 connected (height=0)
[08:33:08 +1h03m00s] peers: 26 connected (height=0)
[08:34:08 +1h04m00s] peers: 26 connected (height=0)
[08:35:08 +1h05m00s] peers: 26 connected (height=0)
[08:36:08 +1h06m00s] peers: 26 connected (height=0)
[08:37:08 +1h07m00s] peers: 26 connected (height=0)
[08:38:08 +1h08m00s] peers: 26 connected (height=0)
[08:38:37 +1h08m29s] restored chunk 293/296 (drained from chunk channel)
[08:38:41 +1h08m33s] restored chunk 294/296 (drained from chunk channel)
[08:38:44 +1h08m36s] restored chunk 295/296 (drained from chunk channel)
[08:38:44 +1h08m36s] queued chunk 295/296 (final — IAVL writer fully drained)
[08:38:44 +1h08m36s] Verified ABCI app — IAVL fully restored, appHash matches consensus
[08:38:44 +1h08m36s] >>> PHASE: State sync downloaded height=0
[08:38:44 +1h08m36s] >>> PHASE: Application DB constructed height=0
[08:38:53 +1h08m45s] rpc: height 0 → 30955037 (Δ30955037 in 4110s = 7531.6 blk/s) catching=true peers=26
[08:39:08 +1h09m00s] rpc: height 30955037 → 30955178 (Δ141 in 15s = 9.4 blk/s) catching=true peers=26
[08:39:23 +1h09m15s] rpc: height 30955178 → 30955343 (Δ165 in 15s = 11.0 blk/s) catching=true peers=26
[08:39:38 +1h09m30s] rpc: height 30955343 → 30955503 (Δ160 in 15s = 10.7 blk/s) catching=true peers=26
[08:39:53 +1h09m45s] rpc: height 30955503 → 30955651 (Δ148 in 15s = 9.9 blk/s) catching=true peers=26
[08:40:08 +1h10m00s] rpc: height 30955651 → 30955818 (Δ167 in 15s = 11.1 blk/s) catching=true peers=25
[08:40:23 +1h10m15s] rpc: height 30955818 → 30955976 (Δ158 in 15s = 10.5 blk/s) catching=true peers=26
[08:40:38 +1h10m30s] rpc: height 30955976 → 30956122 (Δ146 in 15s = 9.7 blk/s) catching=true peers=26
[08:40:53 +1h10m45s] rpc: height 30956122 → 30956253 (Δ131 in 15s = 8.7 blk/s) catching=true peers=26
[08:41:08 +1h11m00s] rpc: height 30956253 → 30956379 (Δ126 in 15s = 8.4 blk/s) catching=true peers=26
[08:41:23 +1h11m15s] rpc: height 30956379 → 30956516 (Δ137 in 15s = 9.1 blk/s) catching=true peers=26
[08:41:38 +1h11m30s] rpc: height 30956516 → 30956655 (Δ139 in 15s = 9.3 blk/s) catching=true peers=26
[08:41:53 +1h11m45s] rpc: height 30956655 → 30956710 (Δ55 in 15s = 3.7 blk/s) catching=false peers=22
[08:41:53 +1h11m45s] >>> PHASE: Node caught up height=30956710
[08:41:53 +1h11m45s] gaiad still running pid=82635 — kill with: kill 82635
