[bench] previous gaiad.log preserved at /root/statesync-test/bench/runs/gaiad.log.001
[bench] --fresh: wiping data/ + clearing CSV history
[bench] run #1
[bench] fetching trust hash from https://rpc.lavenderfive.com:443/cosmoshub ...
[bench] trust_height=30957929 trust_hash=E9160D0AF684B54621B895C19A8FA7E3E8EE54C8ACEFA1127060C80852C54B2E
[bench] using cached addrbook (5h32m04s old): /root/statesync-test/bench/cache/addrbook.json
[bench] loaded 25 peers from /root/peers-cumulative.json (limit 25)
[bench] watcher initial stage=0

[bench] launching gaiad — log=/root/statesync-test/bench/gaiad.log
[bench] gaiad pid=97260
[12:14:12 +0s] polling http://127.0.0.1:26657/status every 15s until caught up
[12:14:20 +8s] snapshot discovered height=22577000
[12:14:20 +8s] snapshot discovered height=22566000
[12:14:20 +8s] snapshot discovered height=22553000
[12:14:20 +8s] snapshot discovered height=22541000
[12:14:20 +8s] snapshot discovered height=24945000
[12:14:20 +8s] snapshot discovered height=30951000
[12:14:20 +8s] snapshot discovered height=30958000
[12:14:20 +8s] snapshot discovered height=24976000
[12:14:20 +8s] snapshot discovered height=29848000
[12:14:20 +8s] snapshot discovered height=22072000
[12:14:20 +8s] snapshot discovered height=22530000
[12:14:20 +8s] snapshot discovered height=22518000
[12:14:20 +8s] snapshot discovered height=22495000
[12:14:20 +8s] snapshot discovered height=22478000
[12:14:20 +8s] snapshot discovered height=22467000
[12:14:20 +8s] snapshot discovered height=22456000
[12:14:20 +8s] snapshot discovered height=24928000
[12:14:20 +8s] snapshot discovered height=24907000
[12:14:20 +8s] snapshot discovered height=30949000
[12:14:20 +8s] snapshot discovered height=30947000
[12:14:20 +8s] snapshot discovered height=30957000
[12:14:20 +8s] snapshot discovered height=30956000
[12:14:20 +8s] snapshot discovered height=29846000
[12:14:20 +8s] snapshot discovered height=29844000
[12:14:20 +8s] snapshot discovered height=29842000
[12:14:20 +8s] snapshot discovered height=22061000
[12:14:20 +8s] snapshot discovered height=22050000
[12:14:20 +8s] snapshot discovered height=22032000
[12:14:20 +8s] snapshot discovered height=22021000
[12:14:20 +8s] snapshot discovered height=24868000
[12:14:20 +8s] snapshot discovered height=30945000
[12:14:20 +8s] snapshot discovered height=24836000
[12:14:20 +8s] snapshot discovered height=24827000
[12:14:20 +8s] snapshot discovered height=24819000
[12:14:20 +8s] snapshot discovered height=24811000
[12:14:21 +8s] snapshot discovered height=30943000
[12:14:21 +8s] snapshot discovered height=30955000
[12:14:21 +8s] snapshot discovered height=30941000
[12:14:21 +8s] snapshot discovered height=30954000
[12:14:21 +8s] snapshot discovered height=30939000
[12:14:21 +8s] snapshot discovered height=30953000
[12:14:21 +8s] snapshot discovered height=30937000
[12:14:21 +8s] snapshot discovered height=30952000
[12:14:21 +8s] snapshot discovered height=30950000
[12:14:21 +8s] snapshot discovered height=29840000
[12:14:21 +8s] snapshot discovered height=29838000
[12:14:21 +8s] snapshot discovered height=29834000
[12:14:21 +8s] snapshot discovered height=29832000
[12:14:21 +8s] snapshot discovered height=24803000
[12:14:21 +8s] snapshot discovered height=29830000
[12:14:21 +8s] snapshot discovered height=24784000
[12:14:21 +8s] snapshot discovered height=30935000
[12:14:21 +8s] snapshot discovered height=22010000
[12:14:21 +8s] snapshot discovered height=21987000
[12:14:21 +8s] snapshot discovered height=21967000
[12:14:21 +8s] snapshot discovered height=21955000
[12:14:21 +8s] snapshot discovered height=21942000
[12:14:21 +8s] snapshot discovered height=30934000
[12:14:21 +8s] snapshot discovered height=30933000
[12:14:21 +8s] snapshot discovered height=29828000
[12:14:21 +8s] snapshot discovered height=30932000
[12:14:21 +8s] snapshot discovered height=24256000
[12:14:21 +9s] snapshot discovered height=30931000
[12:14:21 +9s] snapshot discovered height=30930000
[12:14:21 +9s] snapshot discovered height=30929000
[12:14:21 +9s] snapshot discovered height=30928000
[12:14:21 +9s] snapshot discovered height=30927000
[12:14:21 +9s] snapshot discovered height=30926000
[12:14:21 +9s] snapshot discovered height=22111000
[12:14:21 +9s] snapshot discovered height=30925000
[12:14:41 +29s] >>> PHASE: State sync located height=30958000
[12:14:41 +29s] fetching chunk 0/297
[12:14:41 +29s] fetching chunk 2/297
[12:14:41 +29s] fetching chunk 3/297
[12:14:41 +29s] fetching chunk 1/297
[12:14:44 +32s] fetching chunk 4/297
[12:14:44 +32s] fetching chunk 5/297
[12:14:44 +32s] fetching chunk 6/297
[12:14:44 +32s] queued chunk 0/297 (handed to restorer goroutine)
[12:14:44 +32s] queued chunk 1/297 (handed to restorer goroutine)
[12:14:44 +32s] queued chunk 2/297 (handed to restorer goroutine)
[12:14:45 +32s] restored chunk 0/297 (drained from chunk channel)
[12:14:45 +33s] restored chunk 1/297 (drained from chunk channel)
[12:14:45 +33s] restored chunk 2/297 (drained from chunk channel)
[12:14:46 +34s] fetching chunk 7/297
[12:14:46 +34s] queued chunk 3/297 (handed to restorer goroutine)
[12:14:46 +34s] fetching chunk 8/297
[12:14:46 +34s] queued chunk 4/297 (handed to restorer goroutine)
[12:14:46 +34s] fetching chunk 9/297
[12:14:46 +34s] queued chunk 5/297 (handed to restorer goroutine)
[12:14:47 +34s] restored chunk 3/297 (drained from chunk channel)
[12:14:47 +35s] restored chunk 4/297 (drained from chunk channel)
[12:14:47 +35s] restored chunk 5/297 (drained from chunk channel)
[12:14:48 +36s] fetching chunk 10/297
[12:14:48 +36s] queued chunk 6/297 (handed to restorer goroutine)
[12:14:48 +36s] fetching chunk 11/297
[12:14:48 +36s] queued chunk 7/297 (handed to restorer goroutine)
[12:14:48 +36s] fetching chunk 12/297
[12:14:49 +36s] restored chunk 6/297 (drained from chunk channel)
[12:14:49 +37s] restored chunk 7/297 (drained from chunk channel)
[12:14:50 +38s] fetching chunk 13/297
[12:14:50 +38s] queued chunk 8/297 (handed to restorer goroutine)
[12:14:50 +38s] queued chunk 9/297 (handed to restorer goroutine)
[12:14:50 +38s] fetching chunk 14/297
[12:14:50 +38s] queued chunk 10/297 (handed to restorer goroutine)
[12:14:51 +38s] restored chunk 8/297 (drained from chunk channel)
[12:14:51 +38s] fetching chunk 15/297
[12:14:51 +38s] queued chunk 11/297 (handed to restorer goroutine)
[12:14:51 +39s] restored chunk 9/297 (drained from chunk channel)
[12:14:51 +39s] restored chunk 10/297 (drained from chunk channel)
[12:14:52 +40s] restored chunk 11/297 (drained from chunk channel)
[12:14:52 +40s] fetching chunk 16/297
[12:14:52 +40s] queued chunk 12/297 (handed to restorer goroutine)
[12:14:52 +40s] fetching chunk 17/297
[12:14:52 +40s] queued chunk 13/297 (handed to restorer goroutine)
[12:14:53 +40s] restored chunk 12/297 (drained from chunk channel)
[12:14:53 +40s] fetching chunk 18/297
[12:14:53 +41s] restored chunk 13/297 (drained from chunk channel)
[12:14:54 +42s] fetching chunk 19/297
[12:14:54 +42s] queued chunk 14/297 (handed to restorer goroutine)
[12:14:54 +42s] queued chunk 15/297 (handed to restorer goroutine)
[12:14:54 +42s] restored chunk 14/297 (drained from chunk channel)
[12:14:55 +42s] fetching chunk 20/297
[12:14:55 +43s] restored chunk 15/297 (drained from chunk channel)
[12:14:56 +44s] fetching chunk 21/297
[12:14:56 +44s] queued chunk 16/297 (handed to restorer goroutine)
[12:14:56 +44s] queued chunk 17/297 (handed to restorer goroutine)
[12:14:57 +44s] restored chunk 16/297 (drained from chunk channel)
[12:14:57 +44s] fetching chunk 22/297
[12:14:57 +45s] restored chunk 17/297 (drained from chunk channel)
[12:14:58 +46s] fetching chunk 23/297
[12:14:58 +46s] queued chunk 18/297 (handed to restorer goroutine)
[12:14:58 +46s] queued chunk 19/297 (handed to restorer goroutine)
[12:14:58 +46s] restored chunk 18/297 (drained from chunk channel)
[12:14:59 +46s] restored chunk 19/297 (drained from chunk channel)
[12:15:00 +48s] fetching chunk 24/297
[12:15:00 +48s] queued chunk 20/297 (handed to restorer goroutine)
[12:15:00 +48s] fetching chunk 25/297
[12:15:00 +48s] restored chunk 20/297 (drained from chunk channel)
[12:15:02 +49s] fetching chunk 26/297
[12:15:02 +49s] queued chunk 21/297 (handed to restorer goroutine)
[12:15:02 +50s] fetching chunk 27/297
[12:15:02 +50s] restored chunk 21/297 (drained from chunk channel)
[12:15:03 +51s] fetching chunk 28/297
[12:15:04 +51s] fetching chunk 29/297
[12:15:04 +51s] queued chunk 22/297 (handed to restorer goroutine)
[12:15:04 +51s] queued chunk 23/297 (handed to restorer goroutine)
[12:15:04 +51s] queued chunk 24/297 (handed to restorer goroutine)
[12:15:04 +51s] queued chunk 25/297 (handed to restorer goroutine)
[12:15:05 +52s] restored chunk 22/297 (drained from chunk channel)
[12:15:05 +53s] restored chunk 23/297 (drained from chunk channel)
[12:15:05 +53s] fetching chunk 30/297
[12:15:06 +53s] restored chunk 24/297 (drained from chunk channel)
[12:15:06 +53s] fetching chunk 31/297
[12:15:06 +53s] queued chunk 26/297 (handed to restorer goroutine)
[12:15:06 +53s] queued chunk 27/297 (handed to restorer goroutine)
[12:15:06 +54s] restored chunk 25/297 (drained from chunk channel)
[12:15:07 +54s] restored chunk 26/297 (drained from chunk channel)
[12:15:07 +55s] fetching chunk 32/297
[12:15:07 +55s] restored chunk 27/297 (drained from chunk channel)
[12:15:07 +55s] queued chunk 28/297 (handed to restorer goroutine)
[12:15:08 +55s] fetching chunk 33/297
[12:15:08 +55s] fetching chunk 34/297
[12:15:08 +55s] queued chunk 29/297 (handed to restorer goroutine)
[12:15:08 +55s] restored chunk 28/297 (drained from chunk channel)
[12:15:08 +55s] queued chunk 30/297 (handed to restorer goroutine)
[12:15:08 +56s] restored chunk 29/297 (drained from chunk channel)
[12:15:09 +56s] restored chunk 30/297 (drained from chunk channel)
[12:15:09 +57s] fetching chunk 35/297
[12:15:09 +57s] queued chunk 31/297 (handed to restorer goroutine)
[12:15:10 +57s] fetching chunk 36/297
[12:15:10 +57s] queued chunk 32/297 (handed to restorer goroutine)
[12:15:10 +57s] restored chunk 31/297 (drained from chunk channel)
[12:15:11 +58s] restored chunk 32/297 (drained from chunk channel)
[12:15:11 +59s] fetching chunk 37/297
[12:15:11 +59s] queued chunk 33/297 (handed to restorer goroutine)
[12:15:12 +59s] fetching chunk 38/297
[12:15:12 +59s] fetching chunk 39/297
[12:15:12 +59s] queued chunk 34/297 (handed to restorer goroutine)
[12:15:12 +59s] queued chunk 35/297 (handed to restorer goroutine)
[12:15:12 +59s] restored chunk 33/297 (drained from chunk channel)
[12:15:12 +1m00s] restored chunk 34/297 (drained from chunk channel)
[12:15:13 +1m00s] restored chunk 35/297 (drained from chunk channel)
[12:15:14 +1m01s] fetching chunk 40/297
[12:15:14 +1m01s] queued chunk 36/297 (handed to restorer goroutine)
[12:15:14 +1m01s] fetching chunk 41/297
[12:15:14 +1m02s] restored chunk 36/297 (drained from chunk channel)
[12:15:15 +1m03s] fetching chunk 42/297
[12:15:15 +1m03s] queued chunk 37/297 (handed to restorer goroutine)
[12:15:16 +1m03s] queued chunk 38/297 (handed to restorer goroutine)
[12:15:16 +1m03s] fetching chunk 43/297
[12:15:16 +1m04s] fetching chunk 44/297
[12:15:17 +1m04s] restored chunk 37/297 (drained from chunk channel)
[12:15:17 +1m05s] fetching chunk 45/297
[12:15:17 +1m05s] queued chunk 39/297 (handed to restorer goroutine)
[12:15:17 +1m05s] queued chunk 40/297 (handed to restorer goroutine)
[12:15:17 +1m05s] queued chunk 41/297 (handed to restorer goroutine)
[12:15:18 +1m05s] restored chunk 38/297 (drained from chunk channel)
[12:15:18 +1m05s] fetching chunk 46/297
[12:15:18 +1m05s] fetching chunk 47/297
[12:15:18 +1m05s] queued chunk 42/297 (handed to restorer goroutine)
[12:15:18 +1m05s] queued chunk 43/297 (handed to restorer goroutine)
[12:15:18 +1m06s] restored chunk 39/297 (drained from chunk channel)
[12:15:19 +1m07s] restored chunk 40/297 (drained from chunk channel)
[12:15:20 +1m07s] fetching chunk 48/297
[12:15:20 +1m07s] fetching chunk 49/297
[12:15:20 +1m07s] queued chunk 44/297 (handed to restorer goroutine)
[12:15:20 +1m07s] queued chunk 45/297 (handed to restorer goroutine)
[12:15:21 +1m08s] restored chunk 41/297 (drained from chunk channel)
[12:15:21 +1m09s] fetching chunk 50/297
[12:15:22 +1m09s] restored chunk 42/297 (drained from chunk channel)
[12:15:22 +1m09s] fetching chunk 51/297
[12:15:22 +1m09s] fetching chunk 52/297
[12:15:22 +1m09s] queued chunk 46/297 (handed to restorer goroutine)
[12:15:22 +1m09s] queued chunk 47/297 (handed to restorer goroutine)
[12:15:22 +1m09s] queued chunk 48/297 (handed to restorer goroutine)
[12:15:23 +1m10s] restored chunk 43/297 (drained from chunk channel)
[12:15:24 +1m11s] fetching chunk 53/297
[12:15:24 +1m11s] queued chunk 49/297 (handed to restorer goroutine)
[12:15:24 +1m11s] restored chunk 44/297 (drained from chunk channel)
[12:15:24 +1m11s] fetching chunk 54/297
[12:15:24 +1m11s] queued chunk 50/297 (handed to restorer goroutine)
[12:15:25 +1m12s] restored chunk 45/297 (drained from chunk channel)
[12:15:25 +1m13s] fetching chunk 55/297
[12:15:26 +1m13s] queued chunk 51/297 (handed to restorer goroutine)
[12:15:26 +1m13s] fetching chunk 56/297
[12:15:26 +1m13s] queued chunk 52/297 (handed to restorer goroutine)
[12:15:26 +1m13s] fetching chunk 57/297
[12:15:26 +1m13s] restored chunk 46/297 (drained from chunk channel)
[12:15:27 +1m15s] restored chunk 47/297 (drained from chunk channel)
[12:15:28 +1m15s] fetching chunk 58/297
[12:15:28 +1m15s] queued chunk 53/297 (handed to restorer goroutine)
[12:15:28 +1m15s] queued chunk 54/297 (handed to restorer goroutine)
[12:15:28 +1m15s] fetching chunk 59/297
[12:15:28 +1m16s] fetching chunk 60/297
[12:15:29 +1m17s] fetching chunk 61/297
[12:15:29 +1m17s] queued chunk 55/297 (handed to restorer goroutine)
[12:15:29 +1m17s] queued chunk 56/297 (handed to restorer goroutine)
[12:15:29 +1m17s] queued chunk 57/297 (handed to restorer goroutine)
[12:15:30 +1m18s] fetching chunk 62/297
[12:15:31 +1m19s] fetching chunk 63/297
[12:15:31 +1m19s] queued chunk 58/297 (handed to restorer goroutine)
[12:15:32 +1m19s] fetching chunk 64/297
[12:15:33 +1m20s] fetching chunk 65/297
[12:15:33 +1m21s] fetching chunk 66/297
[12:15:33 +1m21s] queued chunk 59/297 (handed to restorer goroutine)
[12:15:33 +1m21s] queued chunk 60/297 (handed to restorer goroutine)
[12:15:33 +1m21s] queued chunk 61/297 (handed to restorer goroutine)
[12:15:33 +1m21s] queued chunk 62/297 (handed to restorer goroutine)
[12:15:35 +1m22s] fetching chunk 67/297
[12:15:35 +1m22s] queued chunk 63/297 (handed to restorer goroutine)
[12:15:35 +1m22s] fetching chunk 68/297
[12:15:35 +1m23s] fetching chunk 69/297
[12:15:35 +1m23s] queued chunk 64/297 (handed to restorer goroutine)
[12:15:35 +1m23s] queued chunk 65/297 (handed to restorer goroutine)
[12:15:37 +1m25s] fetching chunk 70/297
[12:15:37 +1m25s] fetching chunk 71/297
[12:15:37 +1m25s] snapshot discovered height=20213000
[12:15:37 +1m25s] queued chunk 66/297 (handed to restorer goroutine)
[12:15:37 +1m25s] fetching chunk 72/297
[12:15:39 +1m27s] fetching chunk 73/297
[12:15:39 +1m27s] queued chunk 67/297 (handed to restorer goroutine)
[12:15:39 +1m27s] queued chunk 68/297 (handed to restorer goroutine)
[12:15:39 +1m27s] queued chunk 69/297 (handed to restorer goroutine)
[12:15:39 +1m27s] fetching chunk 74/297
[12:15:41 +1m28s] fetching chunk 75/297
[12:15:41 +1m28s] queued chunk 70/297 (handed to restorer goroutine)
[12:15:41 +1m29s] queued chunk 71/297 (handed to restorer goroutine)
[12:15:41 +1m29s] fetching chunk 76/297
[12:15:41 +1m29s] fetching chunk 77/297
[12:15:41 +1m29s] queued chunk 72/297 (handed to restorer goroutine)
[12:15:41 +1m29s] queued chunk 73/297 (handed to restorer goroutine)
[12:15:42 +1m30s] peers: 26 → 27 connected
[12:15:43 +1m31s] fetching chunk 78/297
[12:15:43 +1m31s] fetching chunk 79/297
[12:15:43 +1m31s] queued chunk 74/297 (handed to restorer goroutine)
[12:15:43 +1m31s] queued chunk 75/297 (handed to restorer goroutine)
[12:15:44 +1m31s] fetching chunk 80/297
[12:15:44 +1m31s] queued chunk 76/297 (handed to restorer goroutine)
[12:15:45 +1m33s] fetching chunk 81/297
[12:15:45 +1m33s] queued chunk 77/297 (handed to restorer goroutine)
[12:15:46 +1m33s] fetching chunk 82/297
[12:15:46 +1m33s] queued chunk 78/297 (handed to restorer goroutine)
[12:15:47 +1m35s] fetching chunk 83/297
[12:15:47 +1m35s] queued chunk 79/297 (handed to restorer goroutine)
[12:15:48 +1m35s] fetching chunk 84/297
[12:15:49 +1m37s] fetching chunk 85/297
[12:15:49 +1m37s] queued chunk 80/297 (handed to restorer goroutine)
[12:15:50 +1m37s] fetching chunk 86/297
[12:15:51 +1m38s] fetching chunk 87/297
[12:15:51 +1m39s] fetching chunk 88/297
[12:15:51 +1m39s] queued chunk 81/297 (handed to restorer goroutine)
[12:15:51 +1m39s] queued chunk 82/297 (handed to restorer goroutine)
[12:15:51 +1m39s] queued chunk 83/297 (handed to restorer goroutine)
[12:15:51 +1m39s] queued chunk 84/297 (handed to restorer goroutine)
[12:15:52 +1m39s] fetching chunk 89/297
[12:15:52 +1m39s] queued chunk 85/297 (handed to restorer goroutine)
[12:15:53 +1m40s] fetching chunk 90/297
[12:15:53 +1m40s] queued chunk 86/297 (handed to restorer goroutine)
[12:15:54 +1m41s] fetching chunk 91/297
[12:15:54 +1m41s] queued chunk 87/297 (handed to restorer goroutine)
[12:15:55 +1m42s] fetching chunk 92/297
[12:15:55 +1m42s] queued chunk 88/297 (handed to restorer goroutine)
[12:15:56 +1m44s] fetching chunk 93/297
[12:15:57 +1m44s] fetching chunk 94/297
[12:15:57 +1m44s] queued chunk 89/297 (handed to restorer goroutine)
[12:15:57 +1m45s] fetching chunk 95/297
[12:15:58 +1m46s] fetching chunk 96/297
[12:15:59 +1m46s] fetching chunk 97/297
[12:15:59 +1m46s] queued chunk 90/297 (handed to restorer goroutine)
[12:15:59 +1m46s] queued chunk 91/297 (handed to restorer goroutine)
[12:15:59 +1m46s] queued chunk 92/297 (handed to restorer goroutine)
[12:15:59 +1m46s] queued chunk 93/297 (handed to restorer goroutine)
[12:16:00 +1m48s] fetching chunk 98/297
[12:16:01 +1m48s] fetching chunk 99/297
[12:16:01 +1m48s] queued chunk 94/297 (handed to restorer goroutine)
[12:16:02 +1m50s] fetching chunk 100/297
[12:16:02 +1m50s] fetching chunk 101/297
[12:16:03 +1m50s] fetching chunk 102/297
[12:16:03 +1m50s] queued chunk 95/297 (handed to restorer goroutine)
[12:16:03 +1m50s] queued chunk 96/297 (handed to restorer goroutine)
[12:16:03 +1m50s] queued chunk 97/297 (handed to restorer goroutine)
[12:16:03 +1m50s] queued chunk 98/297 (handed to restorer goroutine)
[12:16:04 +1m52s] fetching chunk 103/297
[12:16:04 +1m52s] queued chunk 99/297 (handed to restorer goroutine)
[12:16:05 +1m52s] fetching chunk 104/297
[12:16:05 +1m53s] fetching chunk 105/297
[12:16:06 +1m54s] fetching chunk 106/297
[12:16:06 +1m54s] queued chunk 100/297 (handed to restorer goroutine)
[12:16:06 +1m54s] queued chunk 101/297 (handed to restorer goroutine)
[12:16:06 +1m54s] queued chunk 102/297 (handed to restorer goroutine)
[12:16:07 +1m55s] fetching chunk 107/297
[12:16:07 +1m55s] fetching chunk 108/297
[12:16:08 +1m56s] fetching chunk 109/297
[12:16:08 +1m56s] queued chunk 103/297 (handed to restorer goroutine)
[12:16:08 +1m56s] queued chunk 104/297 (handed to restorer goroutine)
[12:16:08 +1m56s] queued chunk 105/297 (handed to restorer goroutine)
[12:16:09 +1m57s] fetching chunk 110/297
[12:16:09 +1m57s] queued chunk 106/297 (handed to restorer goroutine)
[12:16:10 +1m58s] fetching chunk 111/297
[12:16:10 +1m58s] queued chunk 107/297 (handed to restorer goroutine)
[12:16:11 +1m59s] fetching chunk 112/297
[12:16:11 +1m59s] queued chunk 108/297 (handed to restorer goroutine)
[12:16:12 +2m00s] fetching chunk 113/297
[12:16:13 +2m01s] fetching chunk 114/297
[12:16:13 +2m01s] queued chunk 109/297 (handed to restorer goroutine)
[12:16:13 +2m01s] queued chunk 110/297 (handed to restorer goroutine)
[12:16:14 +2m02s] fetching chunk 115/297
[12:16:14 +2m02s] queued chunk 111/297 (handed to restorer goroutine)
[12:16:15 +2m03s] fetching chunk 116/297
[12:16:15 +2m03s] fetching chunk 117/297
[12:16:15 +2m03s] queued chunk 112/297 (handed to restorer goroutine)
[12:16:15 +2m03s] queued chunk 113/297 (handed to restorer goroutine)
[12:16:16 +2m04s] fetching chunk 118/297
[12:16:17 +2m05s] fetching chunk 119/297
[12:16:17 +2m05s] queued chunk 114/297 (handed to restorer goroutine)
[12:16:17 +2m05s] queued chunk 115/297 (handed to restorer goroutine)
[12:16:18 +2m06s] fetching chunk 120/297
[12:16:18 +2m06s] queued chunk 116/297 (handed to restorer goroutine)
[12:16:19 +2m06s] fetching chunk 121/297
[12:16:20 +2m08s] fetching chunk 122/297
[12:16:20 +2m08s] queued chunk 117/297 (handed to restorer goroutine)
[12:16:20 +2m08s] queued chunk 118/297 (handed to restorer goroutine)
[12:16:21 +2m08s] fetching chunk 123/297
[12:16:21 +2m08s] queued chunk 119/297 (handed to restorer goroutine)
[12:16:21 +2m08s] fetching chunk 124/297
[12:16:21 +2m09s] queued chunk 120/297 (handed to restorer goroutine)
[12:16:22 +2m10s] fetching chunk 125/297
[12:16:22 +2m10s] queued chunk 121/297 (handed to restorer goroutine)
[12:16:24 +2m12s] fetching chunk 126/297
[12:16:24 +2m12s] queued chunk 122/297 (handed to restorer goroutine)
[12:16:26 +2m14s] fetching chunk 127/297
[12:16:26 +2m14s] queued chunk 123/297 (handed to restorer goroutine)
[12:16:26 +2m14s] fetching chunk 128/297
[12:16:28 +2m16s] fetching chunk 129/297
[12:16:28 +2m16s] queued chunk 124/297 (handed to restorer goroutine)
[12:16:29 +2m17s] fetching chunk 130/297
[12:16:30 +2m18s] fetching chunk 131/297
[12:16:30 +2m18s] queued chunk 125/297 (handed to restorer goroutine)
[12:16:30 +2m18s] queued chunk 126/297 (handed to restorer goroutine)
[12:16:30 +2m18s] queued chunk 127/297 (handed to restorer goroutine)
[12:16:31 +2m19s] fetching chunk 132/297
[12:16:32 +2m20s] fetching chunk 133/297
[12:16:32 +2m20s] queued chunk 128/297 (handed to restorer goroutine)
[12:16:32 +2m20s] queued chunk 129/297 (handed to restorer goroutine)
[12:16:33 +2m21s] fetching chunk 134/297
[12:16:33 +2m21s] queued chunk 130/297 (handed to restorer goroutine)
[12:16:34 +2m22s] fetching chunk 135/297
[12:16:35 +2m23s] fetching chunk 136/297
[12:16:35 +2m23s] queued chunk 131/297 (handed to restorer goroutine)
[12:16:35 +2m23s] queued chunk 132/297 (handed to restorer goroutine)
[12:16:35 +2m23s] fetching chunk 137/297
[12:16:36 +2m24s] fetching chunk 138/297
[12:16:36 +2m24s] queued chunk 133/297 (handed to restorer goroutine)
[12:16:36 +2m24s] queued chunk 134/297 (handed to restorer goroutine)
[12:16:36 +2m24s] restored chunk 48/297 (drained from chunk channel)
[12:16:37 +2m25s] fetching chunk 139/297
[12:16:37 +2m25s] fetching chunk 140/297
[12:16:37 +2m25s] queued chunk 135/297 (handed to restorer goroutine)
[12:16:37 +2m25s] queued chunk 136/297 (handed to restorer goroutine)
[12:16:38 +2m26s] restored chunk 49/297 (drained from chunk channel)
[12:16:38 +2m26s] fetching chunk 141/297
[12:16:38 +2m26s] queued chunk 137/297 (handed to restorer goroutine)
[12:16:39 +2m27s] fetching chunk 142/297
[12:16:39 +2m27s] queued chunk 138/297 (handed to restorer goroutine)
[12:16:39 +2m27s] restored chunk 50/297 (drained from chunk channel)
[12:16:40 +2m28s] fetching chunk 143/297
[12:16:40 +2m28s] queued chunk 139/297 (handed to restorer goroutine)
[12:16:41 +2m28s] restored chunk 51/297 (drained from chunk channel)
[12:16:42 +2m29s] fetching chunk 144/297
[12:16:42 +2m30s] fetching chunk 145/297
[12:16:42 +2m30s] queued chunk 140/297 (handed to restorer goroutine)
[12:16:42 +2m30s] restored chunk 52/297 (drained from chunk channel)
[12:16:43 +2m31s] restored chunk 53/297 (drained from chunk channel)
[12:16:44 +2m31s] fetching chunk 146/297
[12:16:44 +2m32s] fetching chunk 147/297
[12:16:44 +2m32s] queued chunk 141/297 (handed to restorer goroutine)
[12:16:44 +2m32s] queued chunk 142/297 (handed to restorer goroutine)
[12:16:44 +2m32s] fetching chunk 148/297
[12:16:45 +2m33s] restored chunk 54/297 (drained from chunk channel)
[12:16:46 +2m34s] fetching chunk 149/297
[12:16:46 +2m34s] queued chunk 143/297 (handed to restorer goroutine)
[12:16:46 +2m34s] fetching chunk 150/297
[12:16:46 +2m34s] queued chunk 144/297 (handed to restorer goroutine)
[12:16:46 +2m34s] queued chunk 145/297 (handed to restorer goroutine)
[12:16:46 +2m34s] queued chunk 146/297 (handed to restorer goroutine)
[12:16:46 +2m34s] fetching chunk 151/297
[12:16:46 +2m34s] queued chunk 147/297 (handed to restorer goroutine)
[12:16:47 +2m35s] restored chunk 55/297 (drained from chunk channel)
[12:16:48 +2m36s] fetching chunk 152/297
[12:16:48 +2m36s] queued chunk 148/297 (handed to restorer goroutine)
[12:16:48 +2m36s] fetching chunk 153/297
[12:16:48 +2m36s] queued chunk 149/297 (handed to restorer goroutine)
[12:16:48 +2m36s] restored chunk 56/297 (drained from chunk channel)
[12:16:50 +2m37s] restored chunk 57/297 (drained from chunk channel)
[12:16:50 +2m38s] fetching chunk 154/297
[12:16:50 +2m38s] queued chunk 150/297 (handed to restorer goroutine)
[12:16:50 +2m38s] fetching chunk 155/297
[12:16:50 +2m38s] queued chunk 151/297 (handed to restorer goroutine)
[12:16:51 +2m38s] fetching chunk 156/297
[12:16:51 +2m38s] queued chunk 152/297 (handed to restorer goroutine)
[12:16:51 +2m39s] restored chunk 58/297 (drained from chunk channel)
[12:16:52 +2m40s] fetching chunk 157/297
[12:16:52 +2m40s] queued chunk 153/297 (handed to restorer goroutine)
[12:16:52 +2m40s] fetching chunk 158/297
[12:16:53 +2m40s] restored chunk 59/297 (drained from chunk channel)
[12:16:53 +2m40s] fetching chunk 159/297
[12:16:53 +2m40s] queued chunk 154/297 (handed to restorer goroutine)
[12:16:53 +2m40s] queued chunk 155/297 (handed to restorer goroutine)
[12:16:54 +2m41s] restored chunk 60/297 (drained from chunk channel)
[12:16:54 +2m42s] fetching chunk 160/297
[12:16:54 +2m42s] queued chunk 156/297 (handed to restorer goroutine)
[12:16:55 +2m42s] fetching chunk 161/297
[12:16:55 +2m42s] queued chunk 157/297 (handed to restorer goroutine)
[12:16:55 +2m42s] fetching chunk 162/297
[12:16:56 +2m43s] restored chunk 61/297 (drained from chunk channel)
[12:16:56 +2m44s] fetching chunk 163/297
[12:16:56 +2m44s] queued chunk 158/297 (handed to restorer goroutine)
[12:16:56 +2m44s] queued chunk 159/297 (handed to restorer goroutine)
[12:16:57 +2m44s] fetching chunk 164/297
[12:16:57 +2m44s] queued chunk 160/297 (handed to restorer goroutine)
[12:16:57 +2m44s] fetching chunk 165/297
[12:16:57 +2m44s] queued chunk 161/297 (handed to restorer goroutine)
[12:16:58 +2m45s] restored chunk 62/297 (drained from chunk channel)
[12:16:59 +2m46s] fetching chunk 166/297
[12:16:59 +2m46s] queued chunk 162/297 (handed to restorer goroutine)
[12:16:59 +2m46s] fetching chunk 167/297
[12:16:59 +2m46s] queued chunk 163/297 (handed to restorer goroutine)
[12:16:59 +2m46s] restored chunk 63/297 (drained from chunk channel)
[12:17:00 +2m48s] restored chunk 64/297 (drained from chunk channel)
[12:17:01 +2m48s] fetching chunk 168/297
[12:17:01 +2m48s] queued chunk 164/297 (handed to restorer goroutine)
[12:17:01 +2m48s] fetching chunk 169/297
[12:17:01 +2m48s] fetching chunk 170/297
[12:17:01 +2m48s] queued chunk 165/297 (handed to restorer goroutine)
[12:17:01 +2m48s] queued chunk 166/297 (handed to restorer goroutine)
[12:17:02 +2m49s] restored chunk 65/297 (drained from chunk channel)
[12:17:03 +2m50s] fetching chunk 171/297
[12:17:03 +2m50s] queued chunk 167/297 (handed to restorer goroutine)
[12:17:03 +2m50s] fetching chunk 172/297
[12:17:03 +2m50s] queued chunk 168/297 (handed to restorer goroutine)
[12:17:03 +2m50s] restored chunk 66/297 (drained from chunk channel)
[12:17:03 +2m51s] fetching chunk 173/297
[12:17:04 +2m52s] restored chunk 67/297 (drained from chunk channel)
[12:17:05 +2m52s] fetching chunk 174/297
[12:17:05 +2m52s] fetching chunk 175/297
[12:17:05 +2m52s] queued chunk 169/297 (handed to restorer goroutine)
[12:17:05 +2m52s] queued chunk 170/297 (handed to restorer goroutine)
[12:17:05 +2m52s] queued chunk 171/297 (handed to restorer goroutine)
[12:17:06 +2m53s] restored chunk 68/297 (drained from chunk channel)
[12:17:07 +2m54s] fetching chunk 176/297
[12:17:07 +2m54s] queued chunk 172/297 (handed to restorer goroutine)
[12:17:07 +2m55s] fetching chunk 177/297
[12:17:07 +2m55s] restored chunk 69/297 (drained from chunk channel)
[12:17:09 +2m56s] fetching chunk 178/297
[12:17:09 +2m56s] queued chunk 173/297 (handed to restorer goroutine)
[12:17:09 +2m56s] fetching chunk 179/297
[12:17:09 +2m56s] restored chunk 70/297 (drained from chunk channel)
[12:17:10 +2m57s] fetching chunk 180/297
[12:17:11 +2m58s] fetching chunk 181/297
[12:17:11 +2m58s] queued chunk 174/297 (handed to restorer goroutine)
[12:17:11 +2m58s] queued chunk 175/297 (handed to restorer goroutine)
[12:17:11 +2m58s] queued chunk 176/297 (handed to restorer goroutine)
[12:17:11 +2m58s] queued chunk 177/297 (handed to restorer goroutine)
[12:17:11 +2m58s] restored chunk 71/297 (drained from chunk channel)
[12:17:11 +2m58s] fetching chunk 182/297
[12:17:11 +2m58s] queued chunk 178/297 (handed to restorer goroutine)
[12:17:12 +3m00s] restored chunk 72/297 (drained from chunk channel)
[12:17:13 +3m00s] fetching chunk 183/297
[12:17:13 +3m00s] fetching chunk 184/297
[12:17:13 +3m00s] queued chunk 179/297 (handed to restorer goroutine)
[12:17:13 +3m01s] fetching chunk 185/297
[12:17:14 +3m01s] restored chunk 73/297 (drained from chunk channel)
[12:17:15 +3m02s] restored chunk 74/297 (drained from chunk channel)
[12:17:15 +3m02s] fetching chunk 186/297
[12:17:15 +3m02s] queued chunk 180/297 (handed to restorer goroutine)
[12:17:15 +3m02s] queued chunk 181/297 (handed to restorer goroutine)
[12:17:15 +3m02s] queued chunk 182/297 (handed to restorer goroutine)
[12:17:16 +3m03s] fetching chunk 187/297
[12:17:16 +3m04s] restored chunk 75/297 (drained from chunk channel)
[12:17:17 +3m04s] fetching chunk 188/297
[12:17:17 +3m04s] queued chunk 183/297 (handed to restorer goroutine)
[12:17:17 +3m05s] restored chunk 76/297 (drained from chunk channel)
[12:17:18 +3m05s] fetching chunk 189/297
[12:17:18 +3m05s] fetching chunk 190/297
[12:17:19 +3m06s] restored chunk 77/297 (drained from chunk channel)
[12:17:19 +3m06s] fetching chunk 191/297
[12:17:19 +3m06s] queued chunk 184/297 (handed to restorer goroutine)
[12:17:19 +3m06s] queued chunk 185/297 (handed to restorer goroutine)
[12:17:19 +3m06s] queued chunk 186/297 (handed to restorer goroutine)
[12:17:19 +3m06s] queued chunk 187/297 (handed to restorer goroutine)
[12:17:20 +3m07s] fetching chunk 192/297
[12:17:20 +3m08s] restored chunk 78/297 (drained from chunk channel)
[12:17:21 +3m08s] fetching chunk 193/297
[12:17:21 +3m08s] queued chunk 188/297 (handed to restorer goroutine)
[12:17:21 +3m08s] queued chunk 189/297 (handed to restorer goroutine)
[12:17:21 +3m09s] fetching chunk 194/297
[12:17:22 +3m09s] fetching chunk 195/297
[12:17:22 +3m09s] queued chunk 190/297 (handed to restorer goroutine)
[12:17:22 +3m09s] queued chunk 191/297 (handed to restorer goroutine)
[12:17:22 +3m10s] restored chunk 79/297 (drained from chunk channel)
[12:17:23 +3m10s] fetching chunk 196/297
[12:17:23 +3m10s] queued chunk 192/297 (handed to restorer goroutine)
[12:17:23 +3m10s] fetching chunk 197/297
[12:17:23 +3m10s] queued chunk 193/297 (handed to restorer goroutine)
[12:17:24 +3m11s] restored chunk 80/297 (drained from chunk channel)
[12:17:25 +3m12s] fetching chunk 198/297
[12:17:25 +3m12s] fetching chunk 199/297
[12:17:25 +3m12s] queued chunk 194/297 (handed to restorer goroutine)
[12:17:25 +3m12s] queued chunk 195/297 (handed to restorer goroutine)
[12:17:25 +3m13s] fetching chunk 200/297
[12:17:25 +3m13s] queued chunk 196/297 (handed to restorer goroutine)
[12:17:26 +3m13s] restored chunk 81/297 (drained from chunk channel)
[12:17:27 +3m14s] fetching chunk 201/297
[12:17:27 +3m14s] queued chunk 197/297 (handed to restorer goroutine)
[12:17:27 +3m15s] restored chunk 82/297 (drained from chunk channel)
[12:17:27 +3m15s] fetching chunk 202/297
[12:17:27 +3m15s] fetching chunk 203/297
[12:17:27 +3m15s] queued chunk 198/297 (handed to restorer goroutine)
[12:17:27 +3m15s] queued chunk 199/297 (handed to restorer goroutine)
[12:17:29 +3m16s] restored chunk 83/297 (drained from chunk channel)
[12:17:29 +3m16s] fetching chunk 204/297
[12:17:29 +3m16s] queued chunk 200/297 (handed to restorer goroutine)
[12:17:29 +3m17s] fetching chunk 205/297
[12:17:29 +3m17s] queued chunk 201/297 (handed to restorer goroutine)
[12:17:30 +3m17s] fetching chunk 206/297
[12:17:31 +3m18s] restored chunk 84/297 (drained from chunk channel)
[12:17:31 +3m18s] fetching chunk 207/297
[12:17:31 +3m19s] fetching chunk 208/297
[12:17:31 +3m19s] queued chunk 202/297 (handed to restorer goroutine)
[12:17:31 +3m19s] queued chunk 203/297 (handed to restorer goroutine)
[12:17:31 +3m19s] queued chunk 204/297 (handed to restorer goroutine)
[12:17:32 +3m19s] fetching chunk 209/297
[12:17:32 +3m19s] queued chunk 205/297 (handed to restorer goroutine)
[12:17:33 +3m21s] restored chunk 85/297 (drained from chunk channel)
[12:17:33 +3m21s] fetching chunk 210/297
[12:17:33 +3m21s] fetching chunk 211/297
[12:17:34 +3m21s] fetching chunk 212/297
[12:17:34 +3m21s] queued chunk 206/297 (handed to restorer goroutine)
[12:17:34 +3m21s] queued chunk 207/297 (handed to restorer goroutine)
[12:17:34 +3m21s] queued chunk 208/297 (handed to restorer goroutine)
[12:17:35 +3m23s] fetching chunk 213/297
[12:17:35 +3m23s] queued chunk 209/297 (handed to restorer goroutine)
[12:17:35 +3m23s] restored chunk 86/297 (drained from chunk channel)
[12:17:36 +3m23s] fetching chunk 214/297
[12:17:36 +3m23s] queued chunk 210/297 (handed to restorer goroutine)
[12:17:37 +3m25s] fetching chunk 215/297
[12:17:37 +3m25s] queued chunk 211/297 (handed to restorer goroutine)
[12:17:38 +3m25s] restored chunk 87/297 (drained from chunk channel)
[12:17:39 +3m27s] fetching chunk 216/297
[12:17:39 +3m27s] queued chunk 212/297 (handed to restorer goroutine)
[12:17:40 +3m27s] fetching chunk 217/297
[12:17:40 +3m27s] restored chunk 88/297 (drained from chunk channel)
[12:17:41 +3m29s] fetching chunk 218/297
[12:17:41 +3m29s] queued chunk 213/297 (handed to restorer goroutine)
[12:17:42 +3m29s] fetching chunk 219/297
[12:17:42 +3m30s] restored chunk 89/297 (drained from chunk channel)
[12:17:43 +3m31s] fetching chunk 220/297
[12:17:43 +3m31s] queued chunk 214/297 (handed to restorer goroutine)
[12:17:43 +3m31s] queued chunk 215/297 (handed to restorer goroutine)
[12:17:44 +3m31s] fetching chunk 221/297
[12:17:44 +3m32s] restored chunk 90/297 (drained from chunk channel)
[12:17:45 +3m32s] fetching chunk 222/297
[12:17:45 +3m33s] fetching chunk 223/297
[12:17:45 +3m33s] queued chunk 216/297 (handed to restorer goroutine)
[12:17:45 +3m33s] queued chunk 217/297 (handed to restorer goroutine)
[12:17:45 +3m33s] queued chunk 218/297 (handed to restorer goroutine)
[12:17:45 +3m33s] queued chunk 219/297 (handed to restorer goroutine)
[12:17:47 +3m34s] restored chunk 91/297 (drained from chunk channel)
[12:17:47 +3m34s] fetching chunk 224/297
[12:17:47 +3m34s] queued chunk 220/297 (handed to restorer goroutine)
[12:17:47 +3m35s] fetching chunk 225/297
[12:17:47 +3m35s] queued chunk 221/297 (handed to restorer goroutine)
[12:17:47 +3m35s] fetching chunk 226/297
[12:17:49 +3m37s] fetching chunk 227/297
[12:17:49 +3m37s] queued chunk 222/297 (handed to restorer goroutine)
[12:17:49 +3m37s] queued chunk 223/297 (handed to restorer goroutine)
[12:17:49 +3m37s] fetching chunk 228/297
[12:17:49 +3m37s] restored chunk 92/297 (drained from chunk channel)
[12:17:51 +3m38s] fetching chunk 229/297
[12:17:51 +3m38s] queued chunk 224/297 (handed to restorer goroutine)
[12:17:51 +3m39s] queued chunk 225/297 (handed to restorer goroutine)
[12:17:51 +3m39s] fetching chunk 230/297
[12:17:52 +3m39s] restored chunk 93/297 (drained from chunk channel)
[12:17:53 +3m40s] fetching chunk 231/297
[12:17:53 +3m40s] queued chunk 226/297 (handed to restorer goroutine)
[12:17:53 +3m41s] queued chunk 227/297 (handed to restorer goroutine)
[12:17:54 +3m41s] fetching chunk 232/297
[12:17:54 +3m42s] restored chunk 94/297 (drained from chunk channel)
[12:17:55 +3m42s] fetching chunk 233/297
[12:17:55 +3m42s] queued chunk 228/297 (handed to restorer goroutine)
[12:17:56 +3m43s] fetching chunk 234/297
[12:17:57 +3m44s] fetching chunk 235/297
[12:17:57 +3m44s] queued chunk 229/297 (handed to restorer goroutine)
[12:17:57 +3m44s] queued chunk 230/297 (handed to restorer goroutine)
[12:17:57 +3m45s] queued chunk 231/297 (handed to restorer goroutine)
[12:17:57 +3m45s] restored chunk 95/297 (drained from chunk channel)
[12:17:57 +3m45s] fetching chunk 236/297
[12:17:57 +3m45s] fetching chunk 237/297
[12:17:58 +3m45s] queued chunk 232/297 (handed to restorer goroutine)
[12:17:58 +3m45s] queued chunk 233/297 (handed to restorer goroutine)
[12:17:59 +3m47s] fetching chunk 238/297
[12:17:59 +3m47s] fetching chunk 239/297
[12:17:59 +3m47s] queued chunk 234/297 (handed to restorer goroutine)
[12:17:59 +3m47s] queued chunk 235/297 (handed to restorer goroutine)
[12:17:59 +3m47s] restored chunk 96/297 (drained from chunk channel)
[12:18:00 +3m47s] fetching chunk 240/297
[12:18:01 +3m49s] fetching chunk 241/297
[12:18:01 +3m49s] queued chunk 236/297 (handed to restorer goroutine)
[12:18:01 +3m49s] queued chunk 237/297 (handed to restorer goroutine)
[12:18:01 +3m49s] fetching chunk 242/297
[12:18:02 +3m49s] restored chunk 97/297 (drained from chunk channel)
[12:18:03 +3m51s] fetching chunk 243/297
[12:18:03 +3m51s] queued chunk 238/297 (handed to restorer goroutine)
[12:18:03 +3m51s] queued chunk 239/297 (handed to restorer goroutine)
[12:18:03 +3m51s] fetching chunk 244/297
[12:18:03 +3m51s] queued chunk 240/297 (handed to restorer goroutine)
[12:18:03 +3m51s] fetching chunk 245/297
[12:18:04 +3m52s] restored chunk 98/297 (drained from chunk channel)
[12:18:05 +3m52s] fetching chunk 246/297
[12:18:05 +3m52s] queued chunk 241/297 (handed to restorer goroutine)
[12:18:05 +3m52s] queued chunk 242/297 (handed to restorer goroutine)
[12:18:05 +3m53s] fetching chunk 247/297
[12:18:05 +3m53s] queued chunk 243/297 (handed to restorer goroutine)
[12:18:06 +3m54s] restored chunk 99/297 (drained from chunk channel)
[12:18:07 +3m54s] fetching chunk 248/297
[12:18:07 +3m55s] fetching chunk 249/297
[12:18:07 +3m55s] queued chunk 244/297 (handed to restorer goroutine)
[12:18:07 +3m55s] queued chunk 245/297 (handed to restorer goroutine)
[12:18:09 +3m56s] restored chunk 100/297 (drained from chunk channel)
[12:18:09 +3m56s] fetching chunk 250/297
[12:18:09 +3m56s] queued chunk 246/297 (handed to restorer goroutine)
[12:18:11 +3m58s] fetching chunk 251/297
[12:18:11 +3m58s] queued chunk 247/297 (handed to restorer goroutine)
[12:18:11 +3m59s] restored chunk 101/297 (drained from chunk channel)
[12:18:11 +3m59s] fetching chunk 252/297
[12:18:13 +4m00s] fetching chunk 253/297
[12:18:13 +4m00s] queued chunk 248/297 (handed to restorer goroutine)
[12:18:13 +4m01s] fetching chunk 254/297
[12:18:13 +4m01s] restored chunk 102/297 (drained from chunk channel)
[12:18:15 +4m02s] fetching chunk 255/297
[12:18:15 +4m02s] queued chunk 249/297 (handed to restorer goroutine)
[12:18:15 +4m02s] queued chunk 250/297 (handed to restorer goroutine)
[12:18:15 +4m02s] queued chunk 251/297 (handed to restorer goroutine)
[12:18:15 +4m03s] fetching chunk 256/297
[12:18:15 +4m03s] queued chunk 252/297 (handed to restorer goroutine)
[12:18:16 +4m03s] restored chunk 103/297 (drained from chunk channel)
[12:18:16 +4m04s] fetching chunk 257/297
[12:18:17 +4m04s] queued chunk 253/297 (handed to restorer goroutine)
[12:18:17 +4m05s] fetching chunk 258/297
[12:18:18 +4m06s] restored chunk 104/297 (drained from chunk channel)
[12:18:18 +4m06s] fetching chunk 259/297
[12:18:18 +4m06s] queued chunk 254/297 (handed to restorer goroutine)
[12:18:18 +4m06s] queued chunk 255/297 (handed to restorer goroutine)
[12:18:19 +4m07s] fetching chunk 260/297
[12:18:20 +4m08s] fetching chunk 261/297
[12:18:20 +4m08s] queued chunk 256/297 (handed to restorer goroutine)
[12:18:20 +4m08s] queued chunk 257/297 (handed to restorer goroutine)
[12:18:21 +4m08s] restored chunk 105/297 (drained from chunk channel)
[12:18:22 +4m09s] fetching chunk 262/297
[12:18:22 +4m10s] fetching chunk 263/297
[12:18:22 +4m10s] queued chunk 258/297 (handed to restorer goroutine)
[12:18:23 +4m10s] restored chunk 106/297 (drained from chunk channel)
[12:18:24 +4m11s] fetching chunk 264/297
[12:18:24 +4m12s] fetching chunk 265/297
[12:18:24 +4m12s] queued chunk 259/297 (handed to restorer goroutine)
[12:18:24 +4m12s] queued chunk 260/297 (handed to restorer goroutine)
[12:18:24 +4m12s] queued chunk 261/297 (handed to restorer goroutine)
[12:18:25 +4m13s] restored chunk 107/297 (drained from chunk channel)
[12:18:26 +4m13s] fetching chunk 266/297
[12:18:26 +4m13s] queued chunk 262/297 (handed to restorer goroutine)
[12:18:26 +4m14s] fetching chunk 267/297
[12:18:26 +4m14s] queued chunk 263/297 (handed to restorer goroutine)
[12:18:28 +4m15s] restored chunk 108/297 (drained from chunk channel)
[12:18:28 +4m15s] fetching chunk 268/297
[12:18:28 +4m16s] fetching chunk 269/297
[12:18:28 +4m16s] queued chunk 264/297 (handed to restorer goroutine)
[12:18:28 +4m16s] queued chunk 265/297 (handed to restorer goroutine)
[12:18:30 +4m17s] fetching chunk 270/297
[12:18:30 +4m17s] queued chunk 266/297 (handed to restorer goroutine)
[12:18:30 +4m18s] restored chunk 109/297 (drained from chunk channel)
[12:18:30 +4m18s] fetching chunk 271/297
[12:18:31 +4m18s] fetching chunk 272/297
[12:18:32 +4m19s] fetching chunk 273/297
[12:18:32 +4m19s] queued chunk 267/297 (handed to restorer goroutine)
[12:18:32 +4m19s] queued chunk 268/297 (handed to restorer goroutine)
[12:18:32 +4m19s] queued chunk 269/297 (handed to restorer goroutine)
[12:18:32 +4m20s] restored chunk 110/297 (drained from chunk channel)
[12:18:32 +4m20s] fetching chunk 274/297
[12:18:33 +4m20s] fetching chunk 275/297
[12:18:34 +4m21s] fetching chunk 276/297
[12:18:34 +4m21s] queued chunk 270/297 (handed to restorer goroutine)
[12:18:34 +4m21s] queued chunk 271/297 (handed to restorer goroutine)
[12:18:34 +4m21s] queued chunk 272/297 (handed to restorer goroutine)
[12:18:35 +4m23s] fetching chunk 277/297
[12:18:35 +4m23s] restored chunk 111/297 (drained from chunk channel)
[12:18:35 +4m23s] fetching chunk 278/297
[12:18:36 +4m23s] fetching chunk 279/297
[12:18:36 +4m23s] queued chunk 273/297 (handed to restorer goroutine)
[12:18:36 +4m23s] queued chunk 274/297 (handed to restorer goroutine)
[12:18:36 +4m23s] queued chunk 275/297 (handed to restorer goroutine)
[12:18:37 +4m24s] fetching chunk 280/297
[12:18:37 +4m24s] queued chunk 276/297 (handed to restorer goroutine)
[12:18:37 +4m25s] fetching chunk 281/297
[12:18:37 +4m25s] queued chunk 277/297 (handed to restorer goroutine)
[12:18:38 +4m25s] restored chunk 112/297 (drained from chunk channel)
[12:18:39 +4m26s] fetching chunk 282/297
[12:18:39 +4m27s] fetching chunk 283/297
[12:18:39 +4m27s] queued chunk 278/297 (handed to restorer goroutine)
[12:18:39 +4m27s] queued chunk 279/297 (handed to restorer goroutine)
[12:18:40 +4m27s] fetching chunk 284/297
[12:18:40 +4m28s] restored chunk 113/297 (drained from chunk channel)
[12:18:41 +4m28s] fetching chunk 285/297
[12:18:41 +4m29s] queued chunk 280/297 (handed to restorer goroutine)
[12:18:41 +4m29s] queued chunk 281/297 (handed to restorer goroutine)
[12:18:41 +4m29s] fetching chunk 286/297
[12:18:41 +4m29s] queued chunk 282/297 (handed to restorer goroutine)
[12:18:43 +4m31s] fetching chunk 287/297
[12:18:43 +4m31s] queued chunk 283/297 (handed to restorer goroutine)
[12:18:43 +4m31s] fetching chunk 288/297
[12:18:44 +4m31s] restored chunk 114/297 (drained from chunk channel)
[12:18:45 +4m33s] fetching chunk 289/297
[12:18:45 +4m33s] fetching chunk 290/297
[12:18:45 +4m33s] queued chunk 284/297 (handed to restorer goroutine)
[12:18:45 +4m33s] queued chunk 285/297 (handed to restorer goroutine)
[12:18:45 +4m33s] queued chunk 286/297 (handed to restorer goroutine)
[12:18:46 +4m34s] restored chunk 115/297 (drained from chunk channel)
[12:18:46 +4m34s] fetching chunk 291/297
[12:18:47 +4m35s] fetching chunk 292/297
[12:18:47 +4m35s] queued chunk 287/297 (handed to restorer goroutine)
[12:18:47 +4m35s] queued chunk 288/297 (handed to restorer goroutine)
[12:18:47 +4m35s] fetching chunk 293/297
[12:18:48 +4m36s] restored chunk 116/297 (drained from chunk channel)
[12:18:49 +4m37s] fetching chunk 294/297
[12:18:49 +4m37s] queued chunk 289/297 (handed to restorer goroutine)
[12:18:49 +4m37s] queued chunk 290/297 (handed to restorer goroutine)
[12:18:49 +4m37s] restored chunk 117/297 (drained from chunk channel)
[12:18:50 +4m37s] fetching chunk 295/297
[12:18:50 +4m38s] restored chunk 118/297 (drained from chunk channel)
[12:18:51 +4m39s] fetching chunk 296/297
[12:18:51 +4m39s] queued chunk 291/297 (handed to restorer goroutine)
[12:18:51 +4m39s] queued chunk 292/297 (handed to restorer goroutine)
[12:18:51 +4m39s] restored chunk 119/297 (drained from chunk channel)
[12:18:52 +4m39s] queued chunk 293/297 (handed to restorer goroutine)
[12:18:52 +4m40s] restored chunk 120/297 (drained from chunk channel)
[12:18:53 +4m41s] restored chunk 121/297 (drained from chunk channel)
[12:18:54 +4m41s] queued chunk 294/297 (handed to restorer goroutine)
[12:18:54 +4m41s] queued chunk 295/297 (handed to restorer goroutine)
[12:18:54 +4m42s] restored chunk 122/297 (drained from chunk channel)
[12:18:55 +4m43s] restored chunk 123/297 (drained from chunk channel)
[12:19:42 +5m30s] peers: 27 → 26 connected
[12:19:57 +5m45s] peers: 26 → 27 connected
[12:20:57 +6m45s] peers: 27 → 28 connected
[12:23:10 +8m58s] restored chunk 124/297 (drained from chunk channel)
[12:23:12 +8m59s] restored chunk 125/297 (drained from chunk channel)
[12:23:13 +9m00s] restored chunk 126/297 (drained from chunk channel)
[12:23:14 +9m01s] restored chunk 127/297 (drained from chunk channel)
[12:23:15 +9m02s] restored chunk 128/297 (drained from chunk channel)
[12:23:16 +9m03s] restored chunk 129/297 (drained from chunk channel)
[12:23:17 +9m04s] restored chunk 130/297 (drained from chunk channel)
[12:23:18 +9m05s] restored chunk 131/297 (drained from chunk channel)
[12:23:18 +9m06s] restored chunk 132/297 (drained from chunk channel)
[12:23:19 +9m06s] restored chunk 133/297 (drained from chunk channel)
[12:23:20 +9m07s] restored chunk 134/297 (drained from chunk channel)
[12:23:21 +9m08s] restored chunk 135/297 (drained from chunk channel)
[12:23:22 +9m09s] restored chunk 136/297 (drained from chunk channel)
[12:23:22 +9m10s] restored chunk 137/297 (drained from chunk channel)
[12:23:23 +9m11s] restored chunk 138/297 (drained from chunk channel)
[12:23:24 +9m11s] restored chunk 139/297 (drained from chunk channel)
[12:23:25 +9m12s] restored chunk 140/297 (drained from chunk channel)
[12:23:26 +9m13s] restored chunk 141/297 (drained from chunk channel)
[12:23:26 +9m14s] restored chunk 142/297 (drained from chunk channel)
[12:23:27 +9m15s] restored chunk 143/297 (drained from chunk channel)
[12:23:28 +9m15s] restored chunk 144/297 (drained from chunk channel)
[12:24:06 +9m53s] restored chunk 145/297 (drained from chunk channel)
[12:24:08 +9m55s] restored chunk 146/297 (drained from chunk channel)
[12:24:11 +9m59s] restored chunk 147/297 (drained from chunk channel)
[12:24:15 +10m02s] restored chunk 148/297 (drained from chunk channel)
[12:24:18 +10m05s] restored chunk 149/297 (drained from chunk channel)
[12:24:21 +10m08s] restored chunk 150/297 (drained from chunk channel)
[12:24:25 +10m12s] restored chunk 151/297 (drained from chunk channel)
[12:24:27 +10m14s] restored chunk 152/297 (drained from chunk channel)
[12:24:29 +10m17s] restored chunk 153/297 (drained from chunk channel)
[12:24:31 +10m19s] restored chunk 154/297 (drained from chunk channel)
[12:24:34 +10m21s] restored chunk 155/297 (drained from chunk channel)
[12:24:36 +10m23s] restored chunk 156/297 (drained from chunk channel)
[12:24:38 +10m26s] restored chunk 157/297 (drained from chunk channel)
[12:24:39 +10m27s] restored chunk 158/297 (drained from chunk channel)
[12:24:40 +10m28s] restored chunk 159/297 (drained from chunk channel)
[12:24:41 +10m29s] restored chunk 160/297 (drained from chunk channel)
[12:24:42 +10m30s] restored chunk 161/297 (drained from chunk channel)
[12:24:43 +10m31s] restored chunk 162/297 (drained from chunk channel)
[12:24:44 +10m31s] restored chunk 163/297 (drained from chunk channel)
[12:24:45 +10m32s] restored chunk 164/297 (drained from chunk channel)
[12:24:46 +10m34s] restored chunk 165/297 (drained from chunk channel)
[12:24:49 +10m37s] restored chunk 166/297 (drained from chunk channel)
[12:24:52 +10m40s] restored chunk 167/297 (drained from chunk channel)
[12:24:56 +10m43s] restored chunk 168/297 (drained from chunk channel)
[12:24:59 +10m46s] restored chunk 169/297 (drained from chunk channel)
[12:25:02 +10m49s] restored chunk 170/297 (drained from chunk channel)
[12:25:42 +11m30s] !!! gaiad exited unexpectedly: signal: killed
[90m12:24PM[0m [32mINF[0m [1mRestored snapshot chunk[0m [36mchunk=[0m165 [36mformat=[0m3 [36mheight=[0m30958000 [36mmodule=[0mbaseapp [36mtotal=[0m297
[90m12:24PM[0m [32mINF[0m [1mEnsure peers[0m [36mmodule=[0mpex [36mnumDialing=[0m0 [36mnumInPeers=[0m0 [36mnumOutPeers=[0m28 [36mnumToDial=[0m-3
[90m12:24PM[0m [32mINF[0m [1mRestored snapshot chunk[0m [36mchunk=[0m166 [36mformat=[0m3 [36mheight=[0m30958000 [36mmodule=[0mbaseapp [36mtotal=[0m297
[90m12:24PM[0m [31mERR[0m [1mConnection failed @ sendRoutine[0m [36mconn=[0mMConn{46.4.80.48:14956} [36merr=[0m"pong timeout" [36mmodule=[0mp2p [36mpeer=[0mf527c58fb1c30eca8c4226edd7495c9bc2ec69b5@46.4.80.48:14956
[90m12:24PM[0m [32mINF[0m [1mservice stop[0m [36mimpl=[0mMConn{46.4.80.48:14956} [36mmodule=[0mp2p [36mmsg=[0m"Stopping MConnection service" [36mpeer=[0mf527c58fb1c30eca8c4226edd7495c9bc2ec69b5@46.4.80.48:14956
[90m12:24PM[0m [31mERR[0m [1mStopping peer for error[0m [36merr=[0m"pong timeout" [36mmodule=[0mp2p [36mpeer=[0m"Peer{MConn{46.4.80.48:14956} f527c58fb1c30eca8c4226edd7495c9bc2ec69b5 out}"
[90m12:24PM[0m [32mINF[0m [1mservice stop[0m [36mimpl=[0m"Peer{MConn{46.4.80.48:14956} f527c58fb1c30eca8c4226edd7495c9bc2ec69b5 out}" [36mmodule=[0mp2p [36mmsg=[0m"Stopping Peer service" [36mpeer=[0mf527c58fb1c30eca8c4226edd7495c9bc2ec69b5@46.4.80.48:14956
[90m12:24PM[0m [32mINF[0m [1mReconnecting to peer[0m [36maddr=[0mf527c58fb1c30eca8c4226edd7495c9bc2ec69b5@46.4.80.48:14956 [36mmodule=[0mp2p
[90m12:24PM[0m [32mINF[0m [1mservice start[0m [36mimpl=[0m"Peer{MConn{46.4.80.48:14956} f527c58fb1c30eca8c4226edd7495c9bc2ec69b5 out}" [36mmodule=[0mp2p [36mmsg=[0m"Starting Peer service" [36mpeer=[0mf527c58fb1c30eca8c4226edd7495c9bc2ec69b5@46.4.80.48:14956
[90m12:24PM[0m [32mINF[0m [1mservice start[0m [36mimpl=[0mMConn{46.4.80.48:14956} [36mmodule=[0mp2p [36mmsg=[0m"Starting MConnection service" [36mpeer=[0mf527c58fb1c30eca8c4226edd7495c9bc2ec69b5@46.4.80.48:14956
[90m12:24PM[0m [32mINF[0m [1mRestored snapshot chunk[0m [36mchunk=[0m167 [36mformat=[0m3 [36mheight=[0m30958000 [36mmodule=[0mbaseapp [36mtotal=[0m297
[90m12:24PM[0m [32mINF[0m [1mRestored snapshot chunk[0m [36mchunk=[0m168 [36mformat=[0m3 [36mheight=[0m30958000 [36mmodule=[0mbaseapp [36mtotal=[0m297
[90m12:24PM[0m [32mINF[0m [1mRestored snapshot chunk[0m [36mchunk=[0m169 [36mformat=[0m3 [36mheight=[0m30958000 [36mmodule=[0mbaseapp [36mtotal=[0m297
[90m12:25PM[0m [32mINF[0m [1mRestored snapshot chunk[0m [36mchunk=[0m170 [36mformat=[0m3 [36mheight=[0m30958000 [36mmodule=[0mbaseapp [36mtotal=[0m297
[90m12:25PM[0m [32mINF[0m [1mEnsure peers[0m [36mmodule=[0mpex [36mnumDialing=[0m0 [36mnumInPeers=[0m0 [36mnumOutPeers=[0m28 [36mnumToDial=[0m-3
